------------------------------------------------------------
Timing Analyzer Summary
------------------------------------------------------------

Type  : Slow 1100mV 85C Model Setup 'CLOCK_50'
Slack : -8.219
TNS   : -2541.755

Type  : Slow 1100mV 85C Model Hold 'CLOCK_50'
Slack : 0.442
TNS   : 0.000

Type  : Slow 1100mV 85C Model Recovery 'SW[4]'
Slack : -4.200
TNS   : -4.200

Type  : Slow 1100mV 85C Model Removal 'SW[4]'
Slack : 0.796
TNS   : 0.000

Type  : Slow 1100mV 85C Model Minimum Pulse Width 'SW[4]'
Slack : -0.787
TNS   : -1.366

Type  : Slow 1100mV 85C Model Minimum Pulse Width 'CLOCK_50'
Slack : -0.538
TNS   : -324.147

Type  : Slow 1100mV 0C Model Setup 'CLOCK_50'
Slack : -8.284
TNS   : -2564.859

Type  : Slow 1100mV 0C Model Hold 'CLOCK_50'
Slack : 0.451
TNS   : 0.000

Type  : Slow 1100mV 0C Model Recovery 'SW[4]'
Slack : -4.540
TNS   : -4.540

Type  : Slow 1100mV 0C Model Removal 'SW[4]'
Slack : 0.943
TNS   : 0.000

Type  : Slow 1100mV 0C Model Minimum Pulse Width 'SW[4]'
Slack : -0.775
TNS   : -1.389

Type  : Slow 1100mV 0C Model Minimum Pulse Width 'CLOCK_50'
Slack : -0.538
TNS   : -289.989

Type  : Fast 1100mV 85C Model Setup 'CLOCK_50'
Slack : -3.751
TNS   : -1109.933

Type  : Fast 1100mV 85C Model Hold 'CLOCK_50'
Slack : 0.181
TNS   : 0.000

Type  : Fast 1100mV 85C Model Recovery 'SW[4]'
Slack : -1.846
TNS   : -1.846

Type  : Fast 1100mV 85C Model Removal 'SW[4]'
Slack : 0.507
TNS   : 0.000

Type  : Fast 1100mV 85C Model Minimum Pulse Width 'SW[4]'
Slack : -0.789
TNS   : -1.950

Type  : Fast 1100mV 85C Model Minimum Pulse Width 'CLOCK_50'
Slack : -0.407
TNS   : -165.638

Type  : Fast 1100mV 0C Model Setup 'CLOCK_50'
Slack : -3.290
TNS   : -976.974

Type  : Fast 1100mV 0C Model Hold 'CLOCK_50'
Slack : 0.173
TNS   : 0.000

Type  : Fast 1100mV 0C Model Recovery 'SW[4]'
Slack : -1.677
TNS   : -1.677

Type  : Fast 1100mV 0C Model Removal 'SW[4]'
Slack : 0.482
TNS   : 0.000

Type  : Fast 1100mV 0C Model Minimum Pulse Width 'SW[4]'
Slack : -0.786
TNS   : -2.081

Type  : Fast 1100mV 0C Model Minimum Pulse Width 'CLOCK_50'
Slack : -0.445
TNS   : -199.427

------------------------------------------------------------
